// Jest Snapshot v1, https://goo.gl/fbAQLP

exports[`basic count table 1`] = `"select count(*) from public.users;"`;

exports[`count table with filter 1`] = `"select count(*) from public.users where name in ('hello world','xin chao');"`;

exports[`count table with multi filters 1`] = `"select count(*) from public.users where name in ('hello world','xin chao') and age > 18 and birth_year >= 2000;"`;
