// Jest Snapshot v1, https://goo.gl/fbAQLP

exports[`format array literal 1`] = `"'{321.23,23,54.6}'"`;

exports[`format complex json literal 1`] = `"'{\\"firstName\\":\\"aaaa\\",\\"lastName\\":\\"bbb\\",\\"numbers\\":[1,54,6.7,34.5]}'"`;

exports[`format json literal 1`] = `"'{\\"firstName\\":\\"aaaa\\",\\"lastName\\":\\"bbb\\"}'"`;
